#
# There is insufficient memory for the Java Runtime Environment to continue.
# Native memory allocation (mmap) failed to map 35651584 bytes for G1 virtual space
# Possible reasons:
#   The system is out of physical RAM or swap space
#   The process is running with CompressedOops enabled, and the Java Heap may be blocking the growth of the native heap
# Possible solutions:
#   Reduce memory load on the system
#   Increase physical memory or swap space
#   Check if swap backing store is full
#   Decrease Java heap size (-Xmx/-Xms)
#   Decrease number of Java threads
#   Decrease Java thread stack sizes (-Xss)
#   Set larger code cache with -XX:ReservedCodeCacheSize=
#   JVM is running with Zero Based Compressed Oops mode in which the Java heap is
#     placed in the first 32GB address space. The Java Heap base address is the
#     maximum limit for the native heap growth. Please use -XX:HeapBaseMinAddress
#     to set the Java Heap base and to place the Java Heap above 32GB virtual address.
# This output file may be truncated or incomplete.
#
#  Out of Memory Error (os_windows.cpp:3548), pid=23240, tid=5124
#
# JRE version: Java(TM) SE Runtime Environment (17.0.11+7) (build 17.0.11+7-LTS-207)
# Java VM: Java HotSpot(TM) 64-Bit Server VM (17.0.11+7-LTS-207, mixed mode, emulated-client, sharing, tiered, compressed oops, compressed class ptrs, g1 gc, windows-amd64)
# No core dump will be written. Minidumps are not enabled by default on client versions of Windows
#

---------------  S U M M A R Y ------------

Command Line: -XX:TieredStopAtLevel=1 -Dspring.output.ansi.enabled=always -Dcom.sun.management.jmxremote -Dspring.jmx.enabled=true -Dspring.liveBeansView.mbeanDomain -Dspring.application.admin.enabled=true -Dmanagement.endpoints.jmx.exposure.include=* -javaagent:C:\Program Files\JetBrains\IntelliJ IDEA 2024.3.2.2\lib\idea_rt.jar=52746:C:\Program Files\JetBrains\IntelliJ IDEA 2024.3.2.2\bin -Dfile.encoding=UTF-8 com.pjb2.rental_car.RentalCarApplication

Host: 11th Gen Intel(R) Core(TM) i7-11800H @ 2.30GHz, 16 cores, 15G,  Windows 11 , 64 bit Build 22621 (10.0.22621.5124)
Time: Fri Apr 11 00:19:46 2025 SE Asia Standard Time elapsed time: 7.327858 seconds (0d 0h 0m 7s)

---------------  T H R E A D  ---------------

Current thread (0x00000147cdbb9b50):  VMThread "VM Thread" [stack: 0x0000001365000000,0x0000001365100000] [id=5124]

Stack: [0x0000001365000000,0x0000001365100000]
Native frames: (J=compiled Java code, j=interpreted, Vv=VM code, C=native code)
V  [jvm.dll+0x679cca]
V  [jvm.dll+0x7da13d]
V  [jvm.dll+0x7dba83]
V  [jvm.dll+0x7dc0f3]
V  [jvm.dll+0x2449af]
V  [jvm.dll+0x676ce9]
V  [jvm.dll+0x66b852]
V  [jvm.dll+0x3018d6]
V  [jvm.dll+0x308e76]
V  [jvm.dll+0x3596ee]
V  [jvm.dll+0x35991f]
V  [jvm.dll+0x2d89a8]
V  [jvm.dll+0x2d6ddd]
V  [jvm.dll+0x2d642c]
V  [jvm.dll+0x319f8b]
V  [jvm.dll+0x7e09eb]
V  [jvm.dll+0x7e1724]
V  [jvm.dll+0x7e1c3d]
V  [jvm.dll+0x7e2014]
V  [jvm.dll+0x7e20e0]
V  [jvm.dll+0x78a85a]
V  [jvm.dll+0x678bb5]
C  [ucrtbase.dll+0x29333]
C  [KERNEL32.DLL+0x1259d]
C  [ntdll.dll+0x5af38]

VM_Operation (0x00000013660fe6c0): G1CollectForAllocation, mode: safepoint, requested by thread 0x00000147ce46aa10


---------------  P R O C E S S  ---------------

Threads class SMR info:
_java_thread_list=0x00000148176bebb0, length=31, elements={
0x00000147b4cfa870, 0x00000147cdbbe930, 0x00000147cdbc1300, 0x00000147cdbd19d0,
0x00000147cdbd22a0, 0x00000147cdbd3b80, 0x00000147cdbd6460, 0x00000147cdbd6de0,
0x00000147cdbe0c60, 0x00000147ce46c870, 0x00000147ce472240, 0x00000147ce472760,
0x00000147ce476c90, 0x00000147ce46e1c0, 0x00000147ce46b940, 0x00000147ce46dcb0,
0x00000147ce46aa10, 0x00000147ce46be50, 0x00000147ce46af20, 0x00000147ce46b430,
0x00000147ce46c360, 0x0000014814a437e0, 0x0000014814c4a250, 0x0000014814c4b790,
0x0000014814c4c230, 0x0000014814a43cf0, 0x0000014814a479b0, 0x0000014814a4a740,
0x0000014814a44710, 0x0000014814a44200, 0x0000014814a45130
}

Java Threads: ( => current thread )
  0x00000147b4cfa870 JavaThread "main" [_thread_blocked, id=25344, stack(0x0000001364a00000,0x0000001364b00000)]
  0x00000147cdbbe930 JavaThread "Reference Handler" daemon [_thread_blocked, id=21196, stack(0x0000001365100000,0x0000001365200000)]
  0x00000147cdbc1300 JavaThread "Finalizer" daemon [_thread_blocked, id=20724, stack(0x0000001365200000,0x0000001365300000)]
  0x00000147cdbd19d0 JavaThread "Signal Dispatcher" daemon [_thread_blocked, id=23724, stack(0x0000001365300000,0x0000001365400000)]
  0x00000147cdbd22a0 JavaThread "Attach Listener" daemon [_thread_blocked, id=5780, stack(0x0000001365400000,0x0000001365500000)]
  0x00000147cdbd3b80 JavaThread "Service Thread" daemon [_thread_blocked, id=8628, stack(0x0000001365500000,0x0000001365600000)]
  0x00000147cdbd6460 JavaThread "Monitor Deflation Thread" daemon [_thread_blocked, id=2564, stack(0x0000001365600000,0x0000001365700000)]
  0x00000147cdbd6de0 JavaThread "C1 CompilerThread0" daemon [_thread_blocked, id=1872, stack(0x0000001365700000,0x0000001365800000)]
  0x00000147cdbe0c60 JavaThread "Sweeper thread" daemon [_thread_blocked, id=31612, stack(0x0000001365800000,0x0000001365900000)]
  0x00000147ce46c870 JavaThread "Common-Cleaner" daemon [_thread_blocked, id=3740, stack(0x0000001365900000,0x0000001365a00000)]
  0x00000147ce472240 JavaThread "C1 CompilerThread1" daemon [_thread_blocked, id=28588, stack(0x0000001365a00000,0x0000001365b00000)]
  0x00000147ce472760 JavaThread "C1 CompilerThread2" daemon [_thread_blocked, id=14280, stack(0x0000001365b00000,0x0000001365c00000)]
  0x00000147ce476c90 JavaThread "C1 CompilerThread3" daemon [_thread_blocked, id=29132, stack(0x0000001365c00000,0x0000001365d00000)]
  0x00000147ce46e1c0 JavaThread "Monitor Ctrl-Break" daemon [_thread_in_native, id=14628, stack(0x0000001365d00000,0x0000001365e00000)]
  0x00000147ce46b940 JavaThread "Notification Thread" daemon [_thread_blocked, id=31036, stack(0x0000001365e00000,0x0000001365f00000)]
  0x00000147ce46dcb0 JavaThread "RMI TCP Accept-0" daemon [_thread_in_native, id=21488, stack(0x0000001365f00000,0x0000001366000000)]
  0x00000147ce46aa10 JavaThread "RMI TCP Connection(1)-26.16.13.64" daemon [_thread_blocked, id=20804, stack(0x0000001366000000,0x0000001366100000)]
  0x00000147ce46be50 JavaThread "RMI Scheduler(0)" daemon [_thread_blocked, id=15404, stack(0x0000001366200000,0x0000001366300000)]
  0x00000147ce46af20 JavaThread "JMX server connection timeout 28" daemon [_thread_blocked, id=19224, stack(0x0000001366b00000,0x0000001366c00000)]
  0x00000147ce46b430 JavaThread "Thread-0" [_thread_blocked, id=9684, stack(0x0000001366c00000,0x0000001366d00000)]
  0x00000147ce46c360 JavaThread "restartedMain" [_thread_blocked, id=26024, stack(0x0000001366d00000,0x0000001366e00000)]
  0x0000014814a437e0 JavaThread "RMI TCP Connection(2)-26.16.13.64" daemon [_thread_in_native, id=23208, stack(0x0000001366f00000,0x0000001367000000)]
  0x0000014814c4a250 JavaThread "C1 CompilerThread4" daemon [_thread_blocked, id=23632, stack(0x0000001367400000,0x0000001367500000)]
  0x0000014814c4b790 JavaThread "C1 CompilerThread5" daemon [_thread_blocked, id=18960, stack(0x0000001367500000,0x0000001367600000)]
  0x0000014814c4c230 JavaThread "C1 CompilerThread6" daemon [_thread_blocked, id=8876, stack(0x0000001367600000,0x0000001367700000)]
  0x0000014814a43cf0 JavaThread "Catalina-utility-1" [_thread_blocked, id=21400, stack(0x0000001367000000,0x0000001367100000)]
  0x0000014814a479b0 JavaThread "Catalina-utility-2" [_thread_blocked, id=13924, stack(0x0000001367900000,0x0000001367a00000)]
  0x0000014814a4a740 JavaThread "container-0" [_thread_blocked, id=29820, stack(0x0000001367a00000,0x0000001367b00000)]
  0x0000014814a44710 JavaThread "mysql-cj-abandoned-connection-cleanup" daemon [_thread_blocked, id=20460, stack(0x0000001367b00000,0x0000001367c00000)]
  0x0000014814a44200 JavaThread "HikariPool-1 housekeeper" daemon [_thread_blocked, id=23828, stack(0x0000001367d00000,0x0000001367e00000)]
  0x0000014814a45130 JavaThread "HikariPool-1 connection adder" daemon [_thread_blocked, id=25308, stack(0x0000001367e00000,0x0000001367f00000)]

Other Threads:
=>0x00000147cdbb9b50 VMThread "VM Thread" [stack: 0x0000001365000000,0x0000001365100000] [id=5124]
  0x00000147cecc8840 WatcherThread [stack: 0x0000001366100000,0x0000001366200000] [id=28156]
  0x00000147b4d68e10 GCTaskThread "GC Thread#0" [stack: 0x0000001364b00000,0x0000001364c00000] [id=27968]
  0x00000147cee0fec0 GCTaskThread "GC Thread#1" [stack: 0x0000001366300000,0x0000001366400000] [id=16876]
  0x00000147cee10180 GCTaskThread "GC Thread#2" [stack: 0x0000001366400000,0x0000001366500000] [id=5972]
  0x00000147cee10440 GCTaskThread "GC Thread#3" [stack: 0x0000001366500000,0x0000001366600000] [id=3192]
  0x00000147cee10700 GCTaskThread "GC Thread#4" [stack: 0x0000001366600000,0x0000001366700000] [id=14924]
  0x00000147cee189d0 GCTaskThread "GC Thread#5" [stack: 0x0000001366700000,0x0000001366800000] [id=12472]
  0x00000147cee50380 GCTaskThread "GC Thread#6" [stack: 0x0000001366800000,0x0000001366900000] [id=23964]
  0x00000147cee50e60 GCTaskThread "GC Thread#7" [stack: 0x0000001366900000,0x0000001366a00000] [id=17368]
  0x00000147cee51530 GCTaskThread "GC Thread#8" [stack: 0x0000001366a00000,0x0000001366b00000] [id=6240]
  0x00000148147fb1b0 GCTaskThread "GC Thread#9" [stack: 0x0000001366e00000,0x0000001366f00000] [id=20472]
  0x0000014814a276d0 GCTaskThread "GC Thread#10" [stack: 0x0000001367100000,0x0000001367200000] [id=15228]
  0x0000014814e31e50 GCTaskThread "GC Thread#11" [stack: 0x0000001367200000,0x0000001367300000] [id=3012]
  0x0000014814cd3740 GCTaskThread "GC Thread#12" [stack: 0x0000001367300000,0x0000001367400000] [id=3556]
  0x00000147b4d798f0 ConcurrentGCThread "G1 Main Marker" [stack: 0x0000001364c00000,0x0000001364d00000] [id=21816]
  0x00000147b4d7b210 ConcurrentGCThread "G1 Conc#0" [stack: 0x0000001364d00000,0x0000001364e00000] [id=23180]
  0x0000014814dc3240 ConcurrentGCThread "G1 Conc#1" [stack: 0x0000001367700000,0x0000001367800000] [id=27784]
  0x0000014814f27320 ConcurrentGCThread "G1 Conc#2" [stack: 0x0000001367800000,0x0000001367900000] [id=23080]
  0x00000147cdaf6140 ConcurrentGCThread "G1 Refine#0" [stack: 0x0000001364e00000,0x0000001364f00000] [id=4080]
  0x00000147cdaf6a70 ConcurrentGCThread "G1 Service" [stack: 0x0000001364f00000,0x0000001365000000] [id=24856]

Threads with active compile tasks:

VM state: at safepoint (normal execution)

VM Mutex/Monitor currently owned by a thread:  ([mutex/lock_event])
[0x00000147b4cf7e90] Threads_lock - owner thread: 0x00000147cdbb9b50
[0x00000147b4cf68a0] Heap_lock - owner thread: 0x00000147ce46aa10

Heap address: 0x0000000703600000, size: 4042 MB, Compressed Oops mode: Zero based, Oop shift amount: 3

CDS archive(s) mapped at: [0x00000147cf000000-0x00000147cfbd0000-0x00000147cfbd0000), size 12386304, SharedBaseAddress: 0x00000147cf000000, ArchiveRelocationMode: 1.
Compressed class space mapped at: 0x00000147d0000000-0x0000014810000000, reserved size: 1073741824
Narrow klass base: 0x00000147cf000000, Narrow klass shift: 0, Narrow klass range: 0x100000000

GC Precious Log:
 CPUs: 16 total, 16 available
 Memory: 16163M
 Large Page Support: Disabled
 NUMA Support: Disabled
 Compressed Oops: Enabled (Zero based)
 Heap Region Size: 2M
 Heap Min Capacity: 8M
 Heap Initial Capacity: 254M
 Heap Max Capacity: 4042M
 Pre-touch: Disabled
 Parallel Workers: 13
 Concurrent Workers: 3
 Concurrent Refinement Workers: 13
 Periodic GC: Disabled

Heap:
 garbage-first heap   total 260096K, used 84818K [0x0000000703600000, 0x0000000800000000)
  region size 2048K, 2 young (4096K), 2 survivors (4096K)
 Metaspace       used 79990K, committed 80640K, reserved 1179648K
  class space    used 11752K, committed 12096K, reserved 1048576K

Heap Regions: E=young(eden), S=young(survivor), O=old, HS=humongous(starts), HC=humongous(continues), CS=collection set, F=free, OA=open archive, CA=closed archive, TAMS=top-at-mark-start (previous, next)
|   0|0x0000000703600000, 0x0000000703800000, 0x0000000703800000|100%| O|  |TAMS 0x0000000703800000, 0x0000000703600000| Untracked 
|   1|0x0000000703800000, 0x0000000703a00000, 0x0000000703a00000|100%| O|  |TAMS 0x0000000703a00000, 0x0000000703800000| Untracked 
|   2|0x0000000703a00000, 0x0000000703c00000, 0x0000000703c00000|100%| O|  |TAMS 0x0000000703c00000, 0x0000000703a00000| Untracked 
|   3|0x0000000703c00000, 0x0000000703e00000, 0x0000000703e00000|100%| O|  |TAMS 0x0000000703e00000, 0x0000000703c00000| Untracked 
|   4|0x0000000703e00000, 0x0000000704000000, 0x0000000704000000|100%| O|  |TAMS 0x0000000704000000, 0x0000000703e00000| Untracked 
|   5|0x0000000704000000, 0x0000000704200000, 0x0000000704200000|100%| O|  |TAMS 0x0000000704200000, 0x0000000704000000| Untracked 
|   6|0x0000000704200000, 0x0000000704400000, 0x0000000704400000|100%| O|  |TAMS 0x0000000704400000, 0x0000000704200000| Untracked 
|   7|0x0000000704400000, 0x0000000704600000, 0x0000000704600000|100%| O|  |TAMS 0x0000000704600000, 0x0000000704400000| Untracked 
|   8|0x0000000704600000, 0x0000000704800000, 0x0000000704800000|100%| O|  |TAMS 0x0000000704800000, 0x0000000704600000| Updating 
|   9|0x0000000704800000, 0x0000000704a00000, 0x0000000704a00000|100%| O|  |TAMS 0x0000000704a00000, 0x0000000704800000| Untracked 
|  10|0x0000000704a00000, 0x0000000704c00000, 0x0000000704c00000|100%| O|  |TAMS 0x0000000704c00000, 0x0000000704a00000| Untracked 
|  11|0x0000000704c00000, 0x0000000704e00000, 0x0000000704e00000|100%| O|  |TAMS 0x0000000704e00000, 0x0000000704c00000| Updating 
|  12|0x0000000704e00000, 0x0000000705000000, 0x0000000705000000|100%| O|  |TAMS 0x0000000705000000, 0x0000000704e00000| Untracked 
|  13|0x0000000705000000, 0x0000000705200000, 0x0000000705200000|100%| O|  |TAMS 0x0000000705200000, 0x0000000705000000| Updating 
|  14|0x0000000705200000, 0x0000000705400000, 0x0000000705400000|100%| O|  |TAMS 0x0000000705400000, 0x0000000705200000| Untracked 
|  15|0x0000000705400000, 0x0000000705600000, 0x0000000705600000|100%| O|  |TAMS 0x0000000705600000, 0x0000000705400000| Updating 
|  16|0x0000000705600000, 0x0000000705800000, 0x0000000705800000|100%| O|  |TAMS 0x0000000705800000, 0x0000000705600000| Untracked 
|  17|0x0000000705800000, 0x0000000705a00000, 0x0000000705a00000|100%| O|  |TAMS 0x0000000705a00000, 0x0000000705800000| Untracked 
|  18|0x0000000705a00000, 0x0000000705c00000, 0x0000000705c00000|100%| O|  |TAMS 0x0000000705c00000, 0x0000000705a00000| Updating 
|  19|0x0000000705c00000, 0x0000000705e00000, 0x0000000705e00000|100%| O|  |TAMS 0x0000000705e00000, 0x0000000705c00000| Untracked 
|  20|0x0000000705e00000, 0x0000000706000000, 0x0000000706000000|100%| O|  |TAMS 0x0000000706000000, 0x0000000705e00000| Untracked 
|  21|0x0000000706000000, 0x0000000706200000, 0x0000000706200000|100%| O|  |TAMS 0x0000000706200000, 0x0000000706000000| Untracked 
|  22|0x0000000706200000, 0x0000000706400000, 0x0000000706400000|100%| O|  |TAMS 0x0000000706400000, 0x0000000706200000| Untracked 
|  23|0x0000000706400000, 0x0000000706600000, 0x0000000706600000|100%| O|  |TAMS 0x0000000706600000, 0x0000000706400000| Untracked 
|  24|0x0000000706600000, 0x0000000706800000, 0x0000000706800000|100%| O|  |TAMS 0x0000000706800000, 0x0000000706600000| Untracked 
|  25|0x0000000706800000, 0x0000000706a00000, 0x0000000706a00000|100%| O|  |TAMS 0x0000000706a00000, 0x0000000706800000| Updating 
|  26|0x0000000706a00000, 0x0000000706c00000, 0x0000000706c00000|100%| O|  |TAMS 0x0000000706c00000, 0x0000000706a00000| Untracked 
|  27|0x0000000706c00000, 0x0000000706e00000, 0x0000000706e00000|100%| O|  |TAMS 0x0000000706e00000, 0x0000000706c00000| Untracked 
|  28|0x0000000706e00000, 0x0000000707000000, 0x0000000707000000|100%| O|  |TAMS 0x0000000707000000, 0x0000000706e00000| Untracked 
|  29|0x0000000707000000, 0x0000000707200000, 0x0000000707200000|100%| O|  |TAMS 0x000000070716e200, 0x0000000707000000| Updating 
|  30|0x0000000707200000, 0x0000000707400000, 0x0000000707400000|100%| O|  |TAMS 0x0000000707200000, 0x0000000707200000| Untracked 
|  31|0x0000000707400000, 0x0000000707600000, 0x0000000707600000|100%| O|  |TAMS 0x0000000707400000, 0x0000000707400000| Untracked 
|  32|0x0000000707600000, 0x0000000707800000, 0x0000000707800000|100%| O|  |TAMS 0x0000000707600000, 0x0000000707600000| Untracked 
|  33|0x0000000707800000, 0x0000000707a00000, 0x0000000707a00000|100%| O|  |TAMS 0x0000000707800000, 0x0000000707800000| Untracked 
|  34|0x0000000707a00000, 0x0000000707c00000, 0x0000000707c00000|100%| O|  |TAMS 0x0000000707a00000, 0x0000000707a00000| Untracked 
|  35|0x0000000707c00000, 0x0000000707e00000, 0x0000000707e00000|100%| O|  |TAMS 0x0000000707c00000, 0x0000000707c00000| Updating 
|  36|0x0000000707e00000, 0x0000000708000000, 0x0000000708000000|100%| O|  |TAMS 0x0000000707e00000, 0x0000000707e00000| Untracked 
|  37|0x0000000708000000, 0x0000000708200000, 0x0000000708200000|100%| O|  |TAMS 0x0000000708000000, 0x0000000708000000| Untracked 
|  38|0x0000000708200000, 0x0000000708400000, 0x0000000708400000|100%| O|  |TAMS 0x0000000708200000, 0x0000000708200000| Untracked 
|  39|0x0000000708400000, 0x00000007084d4a00, 0x0000000708600000| 41%| O|  |TAMS 0x0000000708400000, 0x0000000708400000| Untracked 
|  40|0x0000000708600000, 0x0000000708600000, 0x0000000708800000|  0%| F|  |TAMS 0x0000000708600000, 0x0000000708600000| Untracked 
|  41|0x0000000708800000, 0x0000000708800000, 0x0000000708a00000|  0%| F|  |TAMS 0x0000000708800000, 0x0000000708800000| Untracked 
|  42|0x0000000708a00000, 0x0000000708a00000, 0x0000000708c00000|  0%| F|  |TAMS 0x0000000708a00000, 0x0000000708a00000| Untracked 
|  43|0x0000000708c00000, 0x0000000708c00000, 0x0000000708e00000|  0%| F|  |TAMS 0x0000000708c00000, 0x0000000708c00000| Untracked 
|  44|0x0000000708e00000, 0x0000000708e00000, 0x0000000709000000|  0%| F|  |TAMS 0x0000000708e00000, 0x0000000708e00000| Untracked 
|  45|0x0000000709000000, 0x0000000709000000, 0x0000000709200000|  0%| F|  |TAMS 0x0000000709000000, 0x0000000709000000| Untracked 
|  46|0x0000000709200000, 0x0000000709200000, 0x0000000709400000|  0%| F|  |TAMS 0x0000000709200000, 0x0000000709200000| Untracked 
|  47|0x0000000709400000, 0x0000000709400000, 0x0000000709600000|  0%| F|  |TAMS 0x0000000709400000, 0x0000000709400000| Untracked 
|  48|0x0000000709600000, 0x0000000709600000, 0x0000000709800000|  0%| F|  |TAMS 0x0000000709600000, 0x0000000709600000| Untracked 
|  49|0x0000000709800000, 0x0000000709800000, 0x0000000709a00000|  0%| F|  |TAMS 0x0000000709800000, 0x0000000709800000| Untracked 
|  50|0x0000000709a00000, 0x0000000709a00000, 0x0000000709c00000|  0%| F|  |TAMS 0x0000000709a00000, 0x0000000709a00000| Untracked 
|  51|0x0000000709c00000, 0x0000000709c00000, 0x0000000709e00000|  0%| F|  |TAMS 0x0000000709c00000, 0x0000000709c00000| Untracked 
|  52|0x0000000709e00000, 0x0000000709e00000, 0x000000070a000000|  0%| F|  |TAMS 0x0000000709e00000, 0x0000000709e00000| Untracked 
|  53|0x000000070a000000, 0x000000070a000000, 0x000000070a200000|  0%| F|  |TAMS 0x000000070a000000, 0x000000070a000000| Untracked 
|  54|0x000000070a200000, 0x000000070a200000, 0x000000070a400000|  0%| F|  |TAMS 0x000000070a200000, 0x000000070a200000| Untracked 
|  55|0x000000070a400000, 0x000000070a400000, 0x000000070a600000|  0%| F|  |TAMS 0x000000070a400000, 0x000000070a400000| Untracked 
|  56|0x000000070a600000, 0x000000070a600000, 0x000000070a800000|  0%| F|  |TAMS 0x000000070a600000, 0x000000070a600000| Untracked 
|  57|0x000000070a800000, 0x000000070a800000, 0x000000070aa00000|  0%| F|  |TAMS 0x000000070a800000, 0x000000070a800000| Untracked 
|  58|0x000000070aa00000, 0x000000070aa00000, 0x000000070ac00000|  0%| F|  |TAMS 0x000000070aa00000, 0x000000070aa00000| Untracked 
|  59|0x000000070ac00000, 0x000000070ac00000, 0x000000070ae00000|  0%| F|  |TAMS 0x000000070ac00000, 0x000000070ac00000| Untracked 
|  60|0x000000070ae00000, 0x000000070ae00000, 0x000000070b000000|  0%| F|  |TAMS 0x000000070ae00000, 0x000000070ae00000| Untracked 
|  61|0x000000070b000000, 0x000000070b000000, 0x000000070b200000|  0%| F|  |TAMS 0x000000070b000000, 0x000000070b000000| Untracked 
|  62|0x000000070b200000, 0x000000070b200000, 0x000000070b400000|  0%| F|  |TAMS 0x000000070b200000, 0x000000070b200000| Untracked 
|  63|0x000000070b400000, 0x000000070b400000, 0x000000070b600000|  0%| F|  |TAMS 0x000000070b400000, 0x000000070b400000| Untracked 
|  64|0x000000070b600000, 0x000000070b600000, 0x000000070b800000|  0%| F|  |TAMS 0x000000070b600000, 0x000000070b600000| Untracked 
|  65|0x000000070b800000, 0x000000070b800000, 0x000000070ba00000|  0%| F|  |TAMS 0x000000070b800000, 0x000000070b800000| Untracked 
|  66|0x000000070ba00000, 0x000000070ba00000, 0x000000070bc00000|  0%| F|  |TAMS 0x000000070ba00000, 0x000000070ba00000| Untracked 
|  67|0x000000070bc00000, 0x000000070bc00000, 0x000000070be00000|  0%| F|  |TAMS 0x000000070bc00000, 0x000000070bc00000| Untracked 
|  68|0x000000070be00000, 0x000000070be00000, 0x000000070c000000|  0%| F|  |TAMS 0x000000070be00000, 0x000000070be00000| Untracked 
|  69|0x000000070c000000, 0x000000070c000000, 0x000000070c200000|  0%| F|  |TAMS 0x000000070c000000, 0x000000070c000000| Untracked 
|  70|0x000000070c200000, 0x000000070c200000, 0x000000070c400000|  0%| F|  |TAMS 0x000000070c200000, 0x000000070c200000| Untracked 
|  71|0x000000070c400000, 0x000000070c400000, 0x000000070c600000|  0%| F|  |TAMS 0x000000070c400000, 0x000000070c400000| Untracked 
|  72|0x000000070c600000, 0x000000070c600000, 0x000000070c800000|  0%| F|  |TAMS 0x000000070c600000, 0x000000070c600000| Untracked 
|  73|0x000000070c800000, 0x000000070c800000, 0x000000070ca00000|  0%| F|  |TAMS 0x000000070c800000, 0x000000070c800000| Untracked 
|  74|0x000000070ca00000, 0x000000070ca00000, 0x000000070cc00000|  0%| F|  |TAMS 0x000000070ca00000, 0x000000070ca00000| Untracked 
|  75|0x000000070cc00000, 0x000000070cc00000, 0x000000070ce00000|  0%| F|  |TAMS 0x000000070cc00000, 0x000000070cc00000| Untracked 
|  76|0x000000070ce00000, 0x000000070ce00000, 0x000000070d000000|  0%| F|  |TAMS 0x000000070ce00000, 0x000000070ce00000| Untracked 
|  77|0x000000070d000000, 0x000000070d200000, 0x000000070d200000|100%| S|CS|TAMS 0x000000070d000000, 0x000000070d000000| Complete 
|  78|0x000000070d200000, 0x000000070d400000, 0x000000070d400000|100%| S|CS|TAMS 0x000000070d200000, 0x000000070d200000| Complete 
|  79|0x000000070d400000, 0x000000070d400000, 0x000000070d600000|  0%| F|  |TAMS 0x000000070d400000, 0x000000070d400000| Untracked 
|  80|0x000000070d600000, 0x000000070d600000, 0x000000070d800000|  0%| F|  |TAMS 0x000000070d600000, 0x000000070d600000| Untracked 
|  81|0x000000070d800000, 0x000000070d800000, 0x000000070da00000|  0%| F|  |TAMS 0x000000070d800000, 0x000000070d800000| Untracked 
|  82|0x000000070da00000, 0x000000070da00000, 0x000000070dc00000|  0%| F|  |TAMS 0x000000070da00000, 0x000000070da00000| Untracked 
|  83|0x000000070dc00000, 0x000000070dc00000, 0x000000070de00000|  0%| F|  |TAMS 0x000000070dc00000, 0x000000070dc00000| Untracked 
|  84|0x000000070de00000, 0x000000070de00000, 0x000000070e000000|  0%| F|  |TAMS 0x000000070de00000, 0x000000070de00000| Untracked 
|  85|0x000000070e000000, 0x000000070e000000, 0x000000070e200000|  0%| F|  |TAMS 0x000000070e000000, 0x000000070e000000| Untracked 
|  86|0x000000070e200000, 0x000000070e200000, 0x000000070e400000|  0%| F|  |TAMS 0x000000070e200000, 0x000000070e200000| Untracked 
|  87|0x000000070e400000, 0x000000070e400000, 0x000000070e600000|  0%| F|  |TAMS 0x000000070e400000, 0x000000070e400000| Untracked 
|  88|0x000000070e600000, 0x000000070e600000, 0x000000070e800000|  0%| F|  |TAMS 0x000000070e600000, 0x000000070e600000| Untracked 
|  89|0x000000070e800000, 0x000000070e800000, 0x000000070ea00000|  0%| F|  |TAMS 0x000000070e800000, 0x000000070e800000| Untracked 
|  90|0x000000070ea00000, 0x000000070ea00000, 0x000000070ec00000|  0%| F|  |TAMS 0x000000070ea00000, 0x000000070ea00000| Untracked 
|  91|0x000000070ec00000, 0x000000070ec00000, 0x000000070ee00000|  0%| F|  |TAMS 0x000000070ec00000, 0x000000070ec00000| Untracked 
|  92|0x000000070ee00000, 0x000000070ee00000, 0x000000070f000000|  0%| F|  |TAMS 0x000000070ee00000, 0x000000070ee00000| Untracked 
|  93|0x000000070f000000, 0x000000070f000000, 0x000000070f200000|  0%| F|  |TAMS 0x000000070f000000, 0x000000070f000000| Untracked 
|  94|0x000000070f200000, 0x000000070f200000, 0x000000070f400000|  0%| F|  |TAMS 0x000000070f200000, 0x000000070f200000| Untracked 
|  95|0x000000070f400000, 0x000000070f400000, 0x000000070f600000|  0%| F|  |TAMS 0x000000070f400000, 0x000000070f400000| Untracked 
|  96|0x000000070f600000, 0x000000070f600000, 0x000000070f800000|  0%| F|  |TAMS 0x000000070f600000, 0x000000070f600000| Untracked 
|  97|0x000000070f800000, 0x000000070f800000, 0x000000070fa00000|  0%| F|  |TAMS 0x000000070f800000, 0x000000070f800000| Untracked 
|  98|0x000000070fa00000, 0x000000070fa00000, 0x000000070fc00000|  0%| F|  |TAMS 0x000000070fa00000, 0x000000070fa00000| Untracked 
|  99|0x000000070fc00000, 0x000000070fc00000, 0x000000070fe00000|  0%| F|  |TAMS 0x000000070fc00000, 0x000000070fc00000| Untracked 
| 100|0x000000070fe00000, 0x000000070fe00000, 0x0000000710000000|  0%| F|  |TAMS 0x000000070fe00000, 0x000000070fe00000| Untracked 
| 101|0x0000000710000000, 0x0000000710000000, 0x0000000710200000|  0%| F|  |TAMS 0x0000000710000000, 0x0000000710000000| Untracked 
| 102|0x0000000710200000, 0x0000000710200000, 0x0000000710400000|  0%| F|  |TAMS 0x0000000710200000, 0x0000000710200000| Untracked 
| 103|0x0000000710400000, 0x0000000710400000, 0x0000000710600000|  0%| F|  |TAMS 0x0000000710400000, 0x0000000710400000| Untracked 
| 104|0x0000000710600000, 0x0000000710600000, 0x0000000710800000|  0%| F|  |TAMS 0x0000000710600000, 0x0000000710600000| Untracked 
| 105|0x0000000710800000, 0x0000000710800000, 0x0000000710a00000|  0%| F|  |TAMS 0x0000000710800000, 0x0000000710800000| Untracked 
| 106|0x0000000710a00000, 0x0000000710a00000, 0x0000000710c00000|  0%| F|  |TAMS 0x0000000710a00000, 0x0000000710a00000| Untracked 
| 107|0x0000000710c00000, 0x0000000710c00000, 0x0000000710e00000|  0%| F|  |TAMS 0x0000000710c00000, 0x0000000710c00000| Untracked 
| 108|0x0000000710e00000, 0x0000000710e00000, 0x0000000711000000|  0%| F|  |TAMS 0x0000000710e00000, 0x0000000710e00000| Untracked 
| 109|0x0000000711000000, 0x0000000711000000, 0x0000000711200000|  0%| F|  |TAMS 0x0000000711000000, 0x0000000711000000| Untracked 
| 110|0x0000000711200000, 0x0000000711200000, 0x0000000711400000|  0%| F|  |TAMS 0x0000000711200000, 0x0000000711200000| Untracked 
| 111|0x0000000711400000, 0x0000000711400000, 0x0000000711600000|  0%| F|  |TAMS 0x0000000711400000, 0x0000000711400000| Untracked 
| 112|0x0000000711600000, 0x0000000711600000, 0x0000000711800000|  0%| F|  |TAMS 0x0000000711600000, 0x0000000711600000| Untracked 
| 113|0x0000000711800000, 0x0000000711800000, 0x0000000711a00000|  0%| F|  |TAMS 0x0000000711800000, 0x0000000711800000| Untracked 
| 114|0x0000000711a00000, 0x0000000711a00000, 0x0000000711c00000|  0%| F|  |TAMS 0x0000000711a00000, 0x0000000711a00000| Untracked 
| 115|0x0000000711c00000, 0x0000000711c00000, 0x0000000711e00000|  0%| F|  |TAMS 0x0000000711c00000, 0x0000000711c00000| Untracked 
| 116|0x0000000711e00000, 0x0000000711e00000, 0x0000000712000000|  0%| F|  |TAMS 0x0000000711e00000, 0x0000000711e00000| Untracked 
| 117|0x0000000712000000, 0x0000000712000000, 0x0000000712200000|  0%| F|  |TAMS 0x0000000712000000, 0x0000000712000000| Untracked 
| 118|0x0000000712200000, 0x0000000712200000, 0x0000000712400000|  0%| F|  |TAMS 0x0000000712200000, 0x0000000712200000| Untracked 
| 119|0x0000000712400000, 0x0000000712400000, 0x0000000712600000|  0%| F|  |TAMS 0x0000000712400000, 0x0000000712400000| Untracked 
| 120|0x0000000712600000, 0x0000000712600000, 0x0000000712800000|  0%| F|  |TAMS 0x0000000712600000, 0x0000000712600000| Untracked 
| 121|0x0000000712800000, 0x0000000712800000, 0x0000000712a00000|  0%| F|  |TAMS 0x0000000712800000, 0x0000000712800000| Untracked 
| 122|0x0000000712a00000, 0x0000000712a00000, 0x0000000712c00000|  0%| F|  |TAMS 0x0000000712a00000, 0x0000000712a00000| Untracked 
| 123|0x0000000712c00000, 0x0000000712c00000, 0x0000000712e00000|  0%| F|  |TAMS 0x0000000712c00000, 0x0000000712c00000| Untracked 
| 124|0x0000000712e00000, 0x0000000712e00000, 0x0000000713000000|  0%| F|  |TAMS 0x0000000712e00000, 0x0000000712e00000| Untracked 
| 125|0x0000000713000000, 0x0000000713000000, 0x0000000713200000|  0%| F|  |TAMS 0x0000000713000000, 0x0000000713000000| Untracked 
| 126|0x0000000713200000, 0x0000000713200000, 0x0000000713400000|  0%| F|  |TAMS 0x0000000713200000, 0x0000000713200000| Untracked 

Card table byte_map: [0x00000147c2390000,0x00000147c2b80000] _byte_map_base: 0x00000147beb75000

Marking Bits (Prev, Next): (CMBitMap*) 0x00000147b4d69370, (CMBitMap*) 0x00000147b4d69330
 Prev Bits: [0x00000147c72a0000, 0x00000147cb1c8000)
 Next Bits: [0x00000147c3370000, 0x00000147c7298000)

Polling page: 0x00000147b4a50000

Metaspace:

Usage:
  Non-class:     66.64 MB used.
      Class:     11.48 MB used.
       Both:     78.12 MB used.

Virtual space:
  Non-class space:      128.00 MB reserved,      66.94 MB ( 52%) committed,  2 nodes.
      Class space:        1.00 GB reserved,      11.81 MB (  1%) committed,  1 nodes.
             Both:        1.12 GB reserved,      78.75 MB (  7%) committed. 

Chunk freelists:
   Non-Class:  12.38 MB
       Class:  4.23 MB
        Both:  16.61 MB

MaxMetaspaceSize: unlimited
CompressedClassSpaceSize: 1.00 GB
Initial GC threshold: 21.00 MB
Current GC threshold: 131.25 MB
CDS: on
MetaspaceReclaimPolicy: balanced
 - commit_granule_bytes: 65536.
 - commit_granule_words: 8192.
 - virtual_space_node_default_size: 8388608.
 - enlarge_chunks_in_place: 1.
 - new_chunks_are_fully_committed: 0.
 - uncommit_free_chunks: 1.
 - use_allocation_guard: 0.
 - handle_deallocations: 1.


Internal statistics:

num_allocs_failed_limit: 12.
num_arena_births: 972.
num_arena_deaths: 0.
num_vsnodes_births: 3.
num_vsnodes_deaths: 0.
num_space_committed: 1260.
num_space_uncommitted: 0.
num_chunks_returned_to_freelist: 12.
num_chunks_taken_from_freelist: 3889.
num_chunk_merges: 9.
num_chunk_splits: 2829.
num_chunks_enlarged: 2180.
num_inconsistent_stats: 0.

CodeCache: size=49152Kb used=20510Kb max_used=20510Kb free=28641Kb
 bounds [0x00000147bdd70000, 0x00000147bf180000, 0x00000147c0d70000]
 total_blobs=10660 nmethods=9939 adapters=641
 compilation: enabled
              stopped_count=0, restarted_count=0
 full_count=0

Compilation events (20 events):
Event: 7.260 Thread 0x00000147ce472240 nmethod 9930 0x00000147bf173d90 code [0x00000147bf173f20, 0x00000147bf173ff8]
Event: 7.260 Thread 0x0000014814c4c230 nmethod 9931 0x00000147bf174090 code [0x00000147bf174220, 0x00000147bf174338]
Event: 7.260 Thread 0x0000014814c4b790 nmethod 9924 0x00000147bf172f10 code [0x00000147bf1730e0, 0x00000147bf173438]
Event: 7.260 Thread 0x00000147ce476c90 nmethod 9927 0x00000147bf173790 code [0x00000147bf173940, 0x00000147bf173bb8]
Event: 7.260 Thread 0x00000147ce472760 nmethod 9932 0x00000147bf174390 code [0x00000147bf174520, 0x00000147bf1745f8]
Event: 7.260 Thread 0x0000014814c4a250 nmethod 9926 0x00000147bf174690 code [0x00000147bf174880, 0x00000147bf174d88]
Event: 7.269 Thread 0x00000147ce472760 9933       1       org.antlr.v4.runtime.atn.PredictionMode::getConflictingAltSubsets (81 bytes)
Event: 7.269 Thread 0x0000014814c4c230 9934       1       org.antlr.v4.runtime.atn.ATNConfigSet::setReadonly (11 bytes)
Event: 7.269 Thread 0x0000014814c4c230 nmethod 9934 0x00000147bf175110 code [0x00000147bf1752a0, 0x00000147bf175398]
Event: 7.270 Thread 0x00000147ce472760 nmethod 9933 0x00000147bf175410 code [0x00000147bf175600, 0x00000147bf175b58]
Event: 7.272 Thread 0x00000147ce476c90 9935       1       org.antlr.v4.runtime.atn.PredictionMode::hasConflictingAltSet (41 bytes)
Event: 7.272 Thread 0x00000147ce476c90 nmethod 9935 0x00000147bf175e90 code [0x00000147bf176060, 0x00000147bf1762b8]
Event: 7.273 Thread 0x00000147ce476c90 9936       1       org.antlr.v4.runtime.atn.OrderedATNConfigSet::<init> (16 bytes)
Event: 7.273 Thread 0x00000147ce472760 9937       1       org.antlr.v4.runtime.atn.OrderedATNConfigSet$LexerConfigHashSet::<init> (8 bytes)
Event: 7.273 Thread 0x00000147ce472760 nmethod 9937 0x00000147bf176490 code [0x00000147bf176620, 0x00000147bf176708]
Event: 7.273 Thread 0x00000147ce476c90 nmethod 9936 0x00000147bf176810 code [0x00000147bf1769c0, 0x00000147bf176bb8]
Event: 7.311 Thread 0x00000147ce472760 9938       1       java.io.ObjectInputStream$BlockDataInputStream::readInt (73 bytes)
Event: 7.311 Thread 0x00000147ce472760 nmethod 9938 0x00000147bf176d10 code [0x00000147bf176ec0, 0x00000147bf177088]
Event: 7.311 Thread 0x00000147ce472760 9939       1       sun.rmi.transport.tcp.TCPConnection::getOutputStream (30 bytes)
Event: 7.311 Thread 0x00000147ce472760 nmethod 9939 0x00000147bf177190 code [0x00000147bf177340, 0x00000147bf177768]

GC Heap History (20 events):
Event: 3.896 GC heap after
{Heap after GC invocations=12 (full 0):
 garbage-first heap   total 110592K, used 32344K [0x0000000703600000, 0x0000000800000000)
  region size 2048K, 4 young (8192K), 4 survivors (8192K)
 Metaspace       used 41120K, committed 41600K, reserved 1114112K
  class space    used 5755K, committed 6016K, reserved 1048576K
}
Event: 4.395 GC heap before
{Heap before GC invocations=12 (full 0):
 garbage-first heap   total 110592K, used 83544K [0x0000000703600000, 0x0000000800000000)
  region size 2048K, 29 young (59392K), 4 survivors (8192K)
 Metaspace       used 47942K, committed 48512K, reserved 1114112K
  class space    used 6852K, committed 7104K, reserved 1048576K
}
Event: 4.401 GC heap after
{Heap after GC invocations=13 (full 0):
 garbage-first heap   total 110592K, used 34595K [0x0000000703600000, 0x0000000800000000)
  region size 2048K, 3 young (6144K), 3 survivors (6144K)
 Metaspace       used 47942K, committed 48512K, reserved 1114112K
  class space    used 6852K, committed 7104K, reserved 1048576K
}
Event: 5.115 GC heap before
{Heap before GC invocations=13 (full 0):
 garbage-first heap   total 110592K, used 81699K [0x0000000703600000, 0x0000000800000000)
  region size 2048K, 27 young (55296K), 3 survivors (6144K)
 Metaspace       used 60009K, committed 60480K, reserved 1114112K
  class space    used 8417K, committed 8640K, reserved 1048576K
}
Event: 5.120 GC heap after
{Heap after GC invocations=14 (full 0):
 garbage-first heap   total 110592K, used 39032K [0x0000000703600000, 0x0000000800000000)
  region size 2048K, 4 young (8192K), 4 survivors (8192K)
 Metaspace       used 60009K, committed 60480K, reserved 1114112K
  class space    used 8417K, committed 8640K, reserved 1048576K
}
Event: 5.634 GC heap before
{Heap before GC invocations=15 (full 0):
 garbage-first heap   total 110592K, used 82040K [0x0000000703600000, 0x0000000800000000)
  region size 2048K, 26 young (53248K), 4 survivors (8192K)
 Metaspace       used 67836K, committed 68416K, reserved 1114112K
  class space    used 9696K, committed 9984K, reserved 1048576K
}
Event: 5.639 GC heap after
{Heap after GC invocations=16 (full 0):
 garbage-first heap   total 110592K, used 40837K [0x0000000703600000, 0x0000000800000000)
  region size 2048K, 2 young (4096K), 2 survivors (4096K)
 Metaspace       used 67836K, committed 68416K, reserved 1114112K
  class space    used 9696K, committed 9984K, reserved 1048576K
}
Event: 5.858 GC heap before
{Heap before GC invocations=17 (full 0):
 garbage-first heap   total 110592K, used 85893K [0x0000000703600000, 0x0000000800000000)
  region size 2048K, 24 young (49152K), 2 survivors (4096K)
 Metaspace       used 68169K, committed 68736K, reserved 1114112K
  class space    used 9742K, committed 9984K, reserved 1048576K
}
Event: 5.861 GC heap after
{Heap after GC invocations=18 (full 0):
 garbage-first heap   total 110592K, used 41175K [0x0000000703600000, 0x0000000800000000)
  region size 2048K, 2 young (4096K), 2 survivors (4096K)
 Metaspace       used 68169K, committed 68736K, reserved 1114112K
  class space    used 9742K, committed 9984K, reserved 1048576K
}
Event: 6.477 GC heap before
{Heap before GC invocations=18 (full 0):
 garbage-first heap   total 110592K, used 88279K [0x0000000703600000, 0x0000000800000000)
  region size 2048K, 25 young (51200K), 2 survivors (4096K)
 Metaspace       used 72907K, committed 73536K, reserved 1114112K
  class space    used 10466K, committed 10752K, reserved 1048576K
}
Event: 6.481 GC heap after
{Heap after GC invocations=19 (full 0):
 garbage-first heap   total 133120K, used 46573K [0x0000000703600000, 0x0000000800000000)
  region size 2048K, 4 young (8192K), 4 survivors (8192K)
 Metaspace       used 72907K, committed 73536K, reserved 1114112K
  class space    used 10466K, committed 10752K, reserved 1048576K
}
Event: 6.994 GC heap before
{Heap before GC invocations=19 (full 0):
 garbage-first heap   total 133120K, used 103917K [0x0000000703600000, 0x0000000800000000)
  region size 2048K, 32 young (65536K), 4 survivors (8192K)
 Metaspace       used 78201K, committed 78848K, reserved 1179648K
  class space    used 11370K, committed 11712K, reserved 1048576K
}
Event: 7.000 GC heap after
{Heap after GC invocations=20 (full 0):
 garbage-first heap   total 133120K, used 51260K [0x0000000703600000, 0x0000000800000000)
  region size 2048K, 3 young (6144K), 3 survivors (6144K)
 Metaspace       used 78201K, committed 78848K, reserved 1179648K
  class space    used 11370K, committed 11712K, reserved 1048576K
}
Event: 7.096 GC heap before
{Heap before GC invocations=20 (full 0):
 garbage-first heap   total 133120K, used 104508K [0x0000000703600000, 0x0000000800000000)
  region size 2048K, 29 young (59392K), 3 survivors (6144K)
 Metaspace       used 78238K, committed 78912K, reserved 1179648K
  class space    used 11376K, committed 11712K, reserved 1048576K
}
Event: 7.102 GC heap after
{Heap after GC invocations=21 (full 0):
 garbage-first heap   total 133120K, used 60528K [0x0000000703600000, 0x0000000800000000)
  region size 2048K, 4 young (8192K), 4 survivors (8192K)
 Metaspace       used 78238K, committed 78912K, reserved 1179648K
  class space    used 11376K, committed 11712K, reserved 1048576K
}
Event: 7.226 GC heap before
{Heap before GC invocations=21 (full 0):
 garbage-first heap   total 133120K, used 99440K [0x0000000703600000, 0x0000000800000000)
  region size 2048K, 23 young (47104K), 4 survivors (8192K)
 Metaspace       used 79982K, committed 80640K, reserved 1179648K
  class space    used 11752K, committed 12096K, reserved 1048576K
}
Event: 7.231 GC heap after
{Heap after GC invocations=22 (full 0):
 garbage-first heap   total 133120K, used 67000K [0x0000000703600000, 0x0000000800000000)
  region size 2048K, 3 young (6144K), 3 survivors (6144K)
 Metaspace       used 79982K, committed 80640K, reserved 1179648K
  class space    used 11752K, committed 12096K, reserved 1048576K
}
Event: 7.275 GC heap before
{Heap before GC invocations=22 (full 0):
 garbage-first heap   total 133120K, used 99768K [0x0000000703600000, 0x0000000800000000)
  region size 2048K, 19 young (38912K), 3 survivors (6144K)
 Metaspace       used 79984K, committed 80640K, reserved 1179648K
  class space    used 11752K, committed 12096K, reserved 1048576K
}
Event: 7.283 GC heap after
{Heap after GC invocations=23 (full 0):
 garbage-first heap   total 133120K, used 79178K [0x0000000703600000, 0x0000000800000000)
  region size 2048K, 3 young (6144K), 3 survivors (6144K)
 Metaspace       used 79984K, committed 80640K, reserved 1179648K
  class space    used 11752K, committed 12096K, reserved 1048576K
}
Event: 7.321 GC heap before
{Heap before GC invocations=23 (full 0):
 garbage-first heap   total 172032K, used 101706K [0x0000000703600000, 0x0000000800000000)
  region size 2048K, 14 young (28672K), 3 survivors (6144K)
 Metaspace       used 79990K, committed 80640K, reserved 1179648K
  class space    used 11752K, committed 12096K, reserved 1048576K
}

Deoptimization events (4 events):
Event: 3.468 Thread 0x00000147ce46c360 DEOPT PACKING pc=0x00000147be94df15 sp=0x0000001366dfd250
Event: 3.468 Thread 0x00000147ce46c360 DEOPT UNPACKING pc=0x00000147bddc66e3 sp=0x0000001366dfc7f8 mode 0
Event: 6.082 Thread 0x00000147ce46c360 DEOPT PACKING pc=0x00000147beef4bcc sp=0x0000001366dfc990
Event: 6.082 Thread 0x00000147ce46c360 DEOPT UNPACKING pc=0x00000147bddc66e3 sp=0x0000001366dfbf08 mode 0

Classes unloaded (0 events):
No events

Classes redefined (0 events):
No events

Internal exceptions (20 events):
Event: 5.989 Thread 0x00000147ce46c360 Exception <a 'java/lang/IncompatibleClassChangeError'{0x00000007097f7730}: Found class java.lang.Object, but interface was expected> (0x00000007097f7730) 
thrown [s\open\src\hotspot\share\interpreter\linkResolver.cpp, line 826]
Event: 6.007 Thread 0x00000147ce46c360 Exception <a 'java/lang/IncompatibleClassChangeError'{0x0000000709556b40}: Found class java.lang.Object, but interface was expected> (0x0000000709556b40) 
thrown [s\open\src\hotspot\share\interpreter\linkResolver.cpp, line 826]
Event: 6.016 Thread 0x00000147ce46c360 Exception <a 'java/lang/NoSuchMethodError'{0x00000007092173d0}: 'java.lang.Object java.lang.invoke.DirectMethodHandle$Holder.newInvokeSpecial(java.lang.Object, java.lang.Object, int, java.lang.Object, int, java.lang.Object, java.lang.Object)'> (0x00000007092173d0) 
thrown [s\open\src\hotspot\share\interpreter\linkResolver.cpp, line 759]
Event: 6.029 Thread 0x00000147ce46c360 Exception <a 'java/lang/NoSuchMethodError'{0x00000007092dede8}: 'java.lang.Object java.lang.invoke.DirectMethodHandle$Holder.newInvokeSpecial(java.lang.Object, java.lang.Object, java.lang.Object, java.lang.Object, java.lang.Object, java.lang.Object, java.lang.Object, int)'> (0x00000007092dede8) 
thrown [s\open\src\hotspot\share\interpreter\linkResolver.cpp, line 759]
Event: 6.029 Thread 0x00000147ce46c360 Exception <a 'java/lang/NoSuchMethodError'{0x00000007092e3de0}: 'java.lang.Object java.lang.invoke.DirectMethodHandle$Holder.invokeSpecial(java.lang.Object, java.lang.Object, java.lang.Object, java.lang.Object, java.lang.Object, java.lang.Object, java.lang.Object, java.lang.Object, int)'> (0x00000007092e3de0) 
thrown [s\open\src\hotspot\share\interpreter\linkResolver.cpp, line 759]
Event: 6.030 Thread 0x00000147ce46c360 Exception <a 'java/lang/NoSuchMethodError'{0x00000007092e89c8}: 'java.lang.Object java.lang.invoke.Invokers$Holder.linkToTargetMethod(java.lang.Object, java.lang.Object, java.lang.Object, java.lang.Object, java.lang.Object, java.lang.Object, int, java.lang.Object)'> (0x00000007092e89c8) 
thrown [s\open\src\hotspot\share\interpreter\linkResolver.cpp, line 759]
Event: 6.077 Thread 0x00000147ce46c360 Exception <a 'java/lang/NoSuchMethodError'{0x0000000708eaf3e0}: 'void java.lang.invoke.DirectMethodHandle$Holder.invokeInterface(java.lang.Object, java.lang.Object)'> (0x0000000708eaf3e0) 
thrown [s\open\src\hotspot\share\interpreter\linkResolver.cpp, line 759]
Event: 6.204 Thread 0x00000147ce46c360 Exception <a 'java/lang/NoSuchMethodError'{0x0000000708458d28}: 'java.lang.Object java.lang.invoke.DirectMethodHandle$Holder.invokeSpecial(java.lang.Object, java.lang.Object, int, java.lang.Object, int)'> (0x0000000708458d28) 
thrown [s\open\src\hotspot\share\interpreter\linkResolver.cpp, line 759]
Event: 6.486 Thread 0x00000147ce46c360 Exception <a 'java/lang/IncompatibleClassChangeError'{0x0000000713256fc0}: Found class java.lang.Object, but interface was expected> (0x0000000713256fc0) 
thrown [s\open\src\hotspot\share\interpreter\linkResolver.cpp, line 826]
Event: 6.518 Thread 0x00000147ce46c360 Exception <a 'java/lang/IncompatibleClassChangeError'{0x0000000711937e40}: Found class java.lang.Object, but interface was expected> (0x0000000711937e40) 
thrown [s\open\src\hotspot\share\interpreter\linkResolver.cpp, line 826]
Event: 6.607 Thread 0x00000147ce46c360 Exception <a 'java/lang/IncompatibleClassChangeError'{0x000000070acf77c0}: Found class java.lang.Object, but interface was expected> (0x000000070acf77c0) 
thrown [s\open\src\hotspot\share\interpreter\linkResolver.cpp, line 826]
Event: 6.643 Thread 0x00000147ce46c360 Exception <a 'java/lang/reflect/InvocationTargetException'{0x000000070ab92a70}> (0x000000070ab92a70) 
thrown [s\open\src\hotspot\share\runtime\reflection.cpp, line 1121]
Event: 6.650 Thread 0x00000147ce46c360 Exception <a 'java/lang/NoSuchMethodError'{0x000000070abfcd80}: 'int java.lang.invoke.DirectMethodHandle$Holder.invokeStatic(java.lang.Object, java.lang.Object, int)'> (0x000000070abfcd80) 
thrown [s\open\src\hotspot\share\interpreter\linkResolver.cpp, line 759]
Event: 6.654 Thread 0x00000147ce46c360 Exception <a 'java/lang/IncompatibleClassChangeError'{0x000000070a845b98}: Found class java.lang.Object, but interface was expected> (0x000000070a845b98) 
thrown [s\open\src\hotspot\share\interpreter\linkResolver.cpp, line 826]
Event: 6.687 Thread 0x00000147ce46c360 Exception <a 'java/lang/NoSuchMethodError'{0x000000070a624c90}: 'java.lang.Object java.lang.invoke.DirectMethodHandle$Holder.invokeStatic(java.lang.Object, int, java.lang.Object)'> (0x000000070a624c90) 
thrown [s\open\src\hotspot\share\interpreter\linkResolver.cpp, line 759]
Event: 6.718 Thread 0x00000147ce46c360 Exception <a 'java/lang/reflect/InvocationTargetException'{0x000000070a2a3af8}> (0x000000070a2a3af8) 
thrown [s\open\src\hotspot\share\runtime\reflection.cpp, line 1121]
Event: 6.730 Thread 0x00000147ce46c360 Exception <a 'java/lang/reflect/InvocationTargetException'{0x000000070a376d80}> (0x000000070a376d80) 
thrown [s\open\src\hotspot\share\runtime\reflection.cpp, line 1121]
Event: 6.742 Thread 0x00000147ce46c360 Exception <a 'java/lang/reflect/InvocationTargetException'{0x000000070a16e858}> (0x000000070a16e858) 
thrown [s\open\src\hotspot\share\runtime\reflection.cpp, line 1121]
Event: 6.743 Thread 0x00000147ce46c360 Exception <a 'java/lang/reflect/InvocationTargetException'{0x000000070a17b850}> (0x000000070a17b850) 
thrown [s\open\src\hotspot\share\runtime\reflection.cpp, line 1121]
Event: 6.838 Thread 0x00000147ce46c360 Exception <a 'java/lang/reflect/InvocationTargetException'{0x0000000709052530}> (0x0000000709052530) 
thrown [s\open\src\hotspot\share\runtime\reflection.cpp, line 1121]

VM Operations (20 events):
Event: 6.616 Executing VM operation: HandshakeAllThreads done
Event: 6.617 Executing VM operation: HandshakeAllThreads
Event: 6.617 Executing VM operation: HandshakeAllThreads done
Event: 6.947 Executing VM operation: HandshakeAllThreads
Event: 6.947 Executing VM operation: HandshakeAllThreads done
Event: 6.950 Executing VM operation: HandshakeAllThreads
Event: 6.950 Executing VM operation: HandshakeAllThreads done
Event: 6.994 Executing VM operation: G1CollectForAllocation
Event: 7.000 Executing VM operation: G1CollectForAllocation done
Event: 7.011 Executing VM operation: HandshakeAllThreads
Event: 7.011 Executing VM operation: HandshakeAllThreads done
Event: 7.096 Executing VM operation: G1CollectForAllocation
Event: 7.102 Executing VM operation: G1CollectForAllocation done
Event: 7.226 Executing VM operation: G1CollectForAllocation
Event: 7.231 Executing VM operation: G1CollectForAllocation done
Event: 7.275 Executing VM operation: G1CollectForAllocation
Event: 7.283 Executing VM operation: G1CollectForAllocation done
Event: 7.314 Executing VM operation: G1Concurrent
Event: 7.319 Executing VM operation: G1Concurrent done
Event: 7.320 Executing VM operation: G1CollectForAllocation

Events (20 events):
Event: 6.627 loading class java/util/stream/ReduceOps$5
Event: 6.627 loading class java/util/stream/ReduceOps$5 done
Event: 6.627 loading class java/util/stream/ReduceOps$CountingSink$OfRef
Event: 6.627 loading class java/util/stream/ReduceOps$CountingSink
Event: 6.627 loading class java/util/stream/ReduceOps$CountingSink done
Event: 6.627 loading class java/util/stream/ReduceOps$CountingSink$OfRef done
Event: 6.675 loading class java/util/regex/Pattern$Bound
Event: 6.675 loading class java/util/regex/Pattern$Bound done
Event: 6.676 loading class java/util/regex/Pattern$Behind
Event: 6.676 loading class java/util/regex/Pattern$Behind done
Event: 6.805 Thread 0x0000014814a432d0 Thread added: 0x0000014814a432d0
Event: 6.808 Thread 0x0000014814a432d0 Thread exited: 0x0000014814a432d0
Event: 6.847 loading class java/util/EmptyStackException
Event: 6.847 loading class java/util/EmptyStackException done
Event: 6.938 loading class java/io/InvalidClassException
Event: 6.938 loading class java/io/InvalidClassException done
Event: 6.946 loading class java/util/ArrayList$ListItr
Event: 6.946 loading class java/util/ArrayList$ListItr done
Event: 7.311 Thread 0x0000014814a488e0 Thread added: 0x0000014814a488e0
Event: 7.320 Thread 0x0000014814a488e0 Thread exited: 0x0000014814a488e0


Dynamic libraries:
0x00007ff7f5420000 - 0x00007ff7f5430000 	C:\Program Files\Java\jdk-17\bin\java.exe
0x00007ffb3d2f0000 - 0x00007ffb3d507000 	C:\WINDOWS\SYSTEM32\ntdll.dll
0x00007ffb3b8a0000 - 0x00007ffb3b964000 	C:\WINDOWS\System32\KERNEL32.DLL
0x00007ffb3a6d0000 - 0x00007ffb3aaa3000 	C:\WINDOWS\System32\KERNELBASE.dll
0x00007ffb3a5b0000 - 0x00007ffb3a6c1000 	C:\WINDOWS\System32\ucrtbase.dll
0x00007ffb330b0000 - 0x00007ffb330cb000 	C:\Program Files\Java\jdk-17\bin\VCRUNTIME140.dll
0x00007ffb33090000 - 0x00007ffb330a9000 	C:\Program Files\Java\jdk-17\bin\jli.dll
0x00007ffb3c4f0000 - 0x00007ffb3c5a1000 	C:\WINDOWS\System32\ADVAPI32.dll
0x00007ffb3c640000 - 0x00007ffb3c6e7000 	C:\WINDOWS\System32\msvcrt.dll
0x00007ffb3b180000 - 0x00007ffb3b228000 	C:\WINDOWS\System32\sechost.dll
0x00007ffb3a410000 - 0x00007ffb3a438000 	C:\WINDOWS\System32\bcrypt.dll
0x00007ffb3c940000 - 0x00007ffb3ca54000 	C:\WINDOWS\System32\RPCRT4.dll
0x00007ffb3cb90000 - 0x00007ffb3cd41000 	C:\WINDOWS\System32\USER32.dll
0x00007ffb3a580000 - 0x00007ffb3a5a6000 	C:\WINDOWS\System32\win32u.dll
0x00007ffb3afa0000 - 0x00007ffb3afc9000 	C:\WINDOWS\System32\GDI32.dll
0x00007ffb3ac90000 - 0x00007ffb3adab000 	C:\WINDOWS\System32\gdi32full.dll
0x00007ffb3ab30000 - 0x00007ffb3abca000 	C:\WINDOWS\System32\msvcp_win.dll
0x00007ffb2a280000 - 0x00007ffb2a518000 	C:\WINDOWS\WinSxS\amd64_microsoft.windows.common-controls_6595b64144ccf1df_6.0.22621.5124_none_270e8f4f7386d69d\COMCTL32.dll
0x00007ffb35480000 - 0x00007ffb3548a000 	C:\WINDOWS\SYSTEM32\VERSION.dll
0x00007ffb3ba30000 - 0x00007ffb3ba61000 	C:\WINDOWS\System32\IMM32.DLL
0x00007ffb33080000 - 0x00007ffb3308c000 	C:\Program Files\Java\jdk-17\bin\vcruntime140_1.dll
0x00007ffa82f00000 - 0x00007ffa82f8e000 	C:\Program Files\Java\jdk-17\bin\msvcp140.dll
0x00007ffa802e0000 - 0x00007ffa80ec0000 	C:\Program Files\Java\jdk-17\bin\server\jvm.dll
0x00007ffb3b890000 - 0x00007ffb3b898000 	C:\WINDOWS\System32\PSAPI.DLL
0x00007ffb28fb0000 - 0x00007ffb28fb9000 	C:\WINDOWS\SYSTEM32\WSOCK32.dll
0x00007ffb32f80000 - 0x00007ffb32fb4000 	C:\WINDOWS\SYSTEM32\WINMM.dll
0x00007ffb3c5b0000 - 0x00007ffb3c621000 	C:\WINDOWS\System32\WS2_32.dll
0x00007ffb394c0000 - 0x00007ffb394d8000 	C:\WINDOWS\SYSTEM32\kernel.appcore.dll
0x00007ffb301b0000 - 0x00007ffb301ba000 	C:\Program Files\Java\jdk-17\bin\jimage.dll
0x00007ffb37dc0000 - 0x00007ffb37ff2000 	C:\WINDOWS\SYSTEM32\DBGHELP.DLL
0x00007ffb3b330000 - 0x00007ffb3b6c2000 	C:\WINDOWS\System32\combase.dll
0x00007ffb3d1d0000 - 0x00007ffb3d2a7000 	C:\WINDOWS\System32\OLEAUT32.dll
0x00007ffb1d640000 - 0x00007ffb1d672000 	C:\WINDOWS\SYSTEM32\dbgcore.DLL
0x00007ffb3aab0000 - 0x00007ffb3ab2b000 	C:\WINDOWS\System32\bcryptPrimitives.dll
0x00007ffb30170000 - 0x00007ffb3017e000 	C:\Program Files\Java\jdk-17\bin\instrument.dll
0x00007ffb30180000 - 0x00007ffb301a5000 	C:\Program Files\Java\jdk-17\bin\java.dll
0x00007ffa82e20000 - 0x00007ffa82ef7000 	C:\Program Files\Java\jdk-17\bin\jsvml.dll
0x00007ffb3bc50000 - 0x00007ffb3c4e6000 	C:\WINDOWS\System32\SHELL32.dll
0x00007ffb3a440000 - 0x00007ffb3a57f000 	C:\WINDOWS\System32\wintypes.dll
0x00007ffb382f0000 - 0x00007ffb38c0a000 	C:\WINDOWS\SYSTEM32\windows.storage.dll
0x00007ffb3ca80000 - 0x00007ffb3cb8a000 	C:\WINDOWS\System32\SHCORE.dll
0x00007ffb3b9c0000 - 0x00007ffb3ba23000 	C:\WINDOWS\System32\shlwapi.dll
0x00007ffb3a340000 - 0x00007ffb3a36b000 	C:\WINDOWS\SYSTEM32\profapi.dll
0x00007ffaec410000 - 0x00007ffaec428000 	C:\Program Files\Java\jdk-17\bin\zip.dll
0x00007ffb2c7a0000 - 0x00007ffb2c7b9000 	C:\Program Files\Java\jdk-17\bin\net.dll
0x00007ffb36640000 - 0x00007ffb3676c000 	C:\WINDOWS\SYSTEM32\WINHTTP.dll
0x00007ffb399b0000 - 0x00007ffb39a1a000 	C:\WINDOWS\system32\mswsock.dll
0x00007ffaec430000 - 0x00007ffaec446000 	C:\Program Files\Java\jdk-17\bin\nio.dll
0x00007ffae9600000 - 0x00007ffae961a000 	C:\Program Files\JetBrains\IntelliJ IDEA 2024.3.2.2\bin\breakgen64.dll
0x00007ffb38f30000 - 0x00007ffb39032000 	C:\WINDOWS\SYSTEM32\DNSAPI.dll
0x00007ffb38eb0000 - 0x00007ffb38edd000 	C:\WINDOWS\SYSTEM32\IPHLPAPI.DLL
0x00007ffb3c630000 - 0x00007ffb3c639000 	C:\WINDOWS\System32\NSI.dll
0x00007ffb329f0000 - 0x00007ffb329fa000 	C:\Windows\System32\rasadhlp.dll
0x00007ffb33d90000 - 0x00007ffb33e13000 	C:\WINDOWS\System32\fwpuclnt.dll
0x00007ffb20540000 - 0x00007ffb2054a000 	C:\Program Files\Java\jdk-17\bin\management.dll
0x00007ffb1fb40000 - 0x00007ffb1fb4b000 	C:\Program Files\Java\jdk-17\bin\management_ext.dll
0x00007ffb39c00000 - 0x00007ffb39c1b000 	C:\WINDOWS\SYSTEM32\CRYPTSP.dll
0x00007ffb39410000 - 0x00007ffb39447000 	C:\WINDOWS\system32\rsaenh.dll
0x00007ffb39aa0000 - 0x00007ffb39ac8000 	C:\WINDOWS\SYSTEM32\USERENV.dll
0x00007ffb39c20000 - 0x00007ffb39c2c000 	C:\WINDOWS\SYSTEM32\CRYPTBASE.dll
0x00007ffb36a50000 - 0x00007ffb36a69000 	C:\WINDOWS\SYSTEM32\dhcpcsvc6.DLL
0x00007ffb36280000 - 0x00007ffb3629f000 	C:\WINDOWS\SYSTEM32\dhcpcsvc.DLL
0x00007ffb06960000 - 0x00007ffb06977000 	C:\WINDOWS\system32\napinsp.dll
0x00007ffb06940000 - 0x00007ffb0695b000 	C:\WINDOWS\system32\pnrpnsp.dll
0x00007ffb06920000 - 0x00007ffb06931000 	C:\WINDOWS\System32\winrnr.dll
0x00007ffb06200000 - 0x00007ffb06215000 	C:\WINDOWS\system32\wshbth.dll
0x00007ffb061d0000 - 0x00007ffb061f7000 	C:\WINDOWS\system32\nlansp_c.dll
0x00007ffb129a0000 - 0x00007ffb129f0000 	C:\WINDOWS\SYSTEM32\pdh.dll
0x00007ffae1b00000 - 0x00007ffae1b11000 	C:\WINDOWS\System32\perfproc.dll
0x00007ffb03a20000 - 0x00007ffb03a30000 	C:\WINDOWS\System32\perfos.dll
0x00007ffb37510000 - 0x00007ffb37520000 	C:\WINDOWS\SYSTEM32\pfclient.dll
0x00007ffb2c790000 - 0x00007ffb2c79e000 	C:\Program Files\Java\jdk-17\bin\sunmscapi.dll
0x00007ffb3ae30000 - 0x00007ffb3af96000 	C:\WINDOWS\System32\CRYPT32.dll
0x00007ffb39da0000 - 0x00007ffb39dcd000 	C:\WINDOWS\SYSTEM32\ncrypt.dll
0x00007ffb39d60000 - 0x00007ffb39d97000 	C:\WINDOWS\SYSTEM32\NTASN1.dll
0x00007ffb1c130000 - 0x00007ffb1c140000 	C:\Program Files\Java\jdk-17\bin\verify.dll

dbghelp: loaded successfully - version: 4.0.5 - missing functions: none
symbol engine: initialized successfully - sym options: 0x614 - pdb path: .;C:\Program Files\Java\jdk-17\bin;C:\WINDOWS\SYSTEM32;C:\WINDOWS\WinSxS\amd64_microsoft.windows.common-controls_6595b64144ccf1df_6.0.22621.5124_none_270e8f4f7386d69d;C:\Program Files\Java\jdk-17\bin\server;C:\Program Files\JetBrains\IntelliJ IDEA 2024.3.2.2\bin

VM Arguments:
jvm_args: -XX:TieredStopAtLevel=1 -Dspring.output.ansi.enabled=always -Dcom.sun.management.jmxremote -Dspring.jmx.enabled=true -Dspring.liveBeansView.mbeanDomain -Dspring.application.admin.enabled=true -Dmanagement.endpoints.jmx.exposure.include=* -javaagent:C:\Program Files\JetBrains\IntelliJ IDEA 2024.3.2.2\lib\idea_rt.jar=52746:C:\Program Files\JetBrains\IntelliJ IDEA 2024.3.2.2\bin -Dfile.encoding=UTF-8 
java_command: com.pjb2.rental_car.RentalCarApplication
java_class_path (initial): C:\Users\admin\IdeaProjects\rental-car\rental_car_BE\target\classes;C:\Users\admin\.m2\repository\org\springframework\boot\spring-boot-starter-actuator\3.4.2\spring-boot-starter-actuator-3.4.2.jar;C:\Users\admin\.m2\repository\org\springframework\boot\spring-boot-starter\3.4.2\spring-boot-starter-3.4.2.jar;C:\Users\admin\.m2\repository\org\springframework\boot\spring-boot-starter-logging\3.4.2\spring-boot-starter-logging-3.4.2.jar;C:\Users\admin\.m2\repository\ch\qos\logback\logback-classic\1.5.16\logback-classic-1.5.16.jar;C:\Users\admin\.m2\repository\ch\qos\logback\logback-core\1.5.16\logback-core-1.5.16.jar;C:\Users\admin\.m2\repository\org\apache\logging\log4j\log4j-to-slf4j\2.24.3\log4j-to-slf4j-2.24.3.jar;C:\Users\admin\.m2\repository\org\slf4j\jul-to-slf4j\2.0.16\jul-to-slf4j-2.0.16.jar;C:\Users\admin\.m2\repository\jakarta\annotation\jakarta.annotation-api\2.1.1\jakarta.annotation-api-2.1.1.jar;C:\Users\admin\.m2\repository\org\yaml\snakeyaml\2.3\snakeyaml-2.3.jar;C:\Users\admin\.m2\repository\org\springframework\boot\spring-boot-actuator-autoconfigure\3.4.2\spring-boot-actuator-autoconfigure-3.4.2.jar;C:\Users\admin\.m2\repository\org\springframework\boot\spring-boot-actuator\3.4.2\spring-boot-actuator-3.4.2.jar;C:\Users\admin\.m2\repository\com\fasterxml\jackson\core\jackson-databind\2.18.2\jackson-databind-2.18.2.jar;C:\Users\admin\.m2\repository\com\fasterxml\jackson\core\jackson-annotations\2.18.2\jackson-annotations-2.18.2.jar;C:\Users\admin\.m2\repository\com\fasterxml\jackson\core\jackson-core\2.18.2\jackson-core-2.18.2.jar;C:\Users\admin\.m2\repository\com\fasterxml\jackson\datatype\jackson-datatype-jsr310\2.18.2\jackson-datatype-jsr310-2.18.2.jar;C:\Users\admin\.m2\repository\io\micrometer\micrometer-observation\1.14.3\micrometer-observation-1.14.3.jar;C:\Users\admin\.m2\repository\io\micrometer\micrometer-commons\1.14.3\micrometer-commons-1.14.3.jar;C:\Users\admin\.m2\repository\io\micrometer\micrometer-jakarta9\1.14.
Launcher Type: SUN_STANDARD

[Global flags]
     intx CICompilerCount                          = 12                                        {product} {ergonomic}
     uint ConcGCThreads                            = 3                                         {product} {ergonomic}
     uint G1ConcRefinementThreads                  = 13                                        {product} {ergonomic}
   size_t G1HeapRegionSize                         = 2097152                                   {product} {ergonomic}
    uintx GCDrainStackTargetSize                   = 64                                        {product} {ergonomic}
   size_t InitialHeapSize                          = 266338304                                 {product} {ergonomic}
     bool ManagementServer                         = true                                      {product} {command line}
   size_t MarkStackSize                            = 4194304                                   {product} {ergonomic}
   size_t MaxHeapSize                              = 4238344192                                {product} {ergonomic}
   size_t MaxNewSize                               = 2541748224                                {product} {ergonomic}
   size_t MinHeapDeltaBytes                        = 2097152                                   {product} {ergonomic}
   size_t MinHeapSize                              = 8388608                                   {product} {ergonomic}
    uintx NonProfiledCodeHeapSize                  = 0                                      {pd product} {ergonomic}
     bool ProfileInterpreter                       = false                                  {pd product} {command line}
    uintx ProfiledCodeHeapSize                     = 0                                      {pd product} {ergonomic}
   size_t SoftMaxHeapSize                          = 4238344192                             {manageable} {ergonomic}
     intx TieredStopAtLevel                        = 1                                         {product} {command line}
     bool UseCompressedClassPointers               = true                           {product lp64_product} {ergonomic}
     bool UseCompressedOops                        = true                           {product lp64_product} {ergonomic}
     bool UseG1GC                                  = true                                      {product} {ergonomic}
     bool UseLargePagesIndividualAllocation        = false                                  {pd product} {ergonomic}

Logging:
Log output configuration:
 #0: stdout all=warning uptime,level,tags
 #1: stderr all=off uptime,level,tags

Environment Variables:
JAVA_HOME=C:\Program Files\Java\jdk1.8.0_211
PATH=C:\Program Files\Common Files\Oracle\Java\javapath;C:\Program Files (x86)\Common Files\Oracle\Java\javapath;C:\Windows\system32;C:\Windows;C:\Windows\System32\Wbem;C:\Windows\System32\WindowsPowerShell\v1.0\;C:\Windows\System32\OpenSSH\;C:\Program Files (x86)\NVIDIA Corporation\PhysX\Common;C:\Program Files\NVIDIA Corporation\NVIDIA NvDLISR;C:\WINDOWS\system32;C:\WINDOWS;C:\WINDOWS\System32\Wbem;C:\WINDOWS\System32\WindowsPowerShell\v1.0\;C:\WINDOWS\System32\OpenSSH\;C:\Program Files\Java\jdk1.8.0_211\bin;C:\Program Files (x86)\Microsoft SQL Server\160\Tools\Binn\;C:\Program Files\Microsoft SQL Server\160\Tools\Binn\;C:\Program Files\Microsoft SQL Server\Client SDK\ODBC\170\Tools\Binn\;C:\Program Files\Microsoft SQL Server\160\DTS\Binn\;C:\Program Files (x86)\Microsoft SQL Server\160\DTS\Binn\;C:\Program Files\Azure Data Studio\bin;E:\Git\cmd;C:\Program Files\dotnet\;C:\Program Files\Cloudflare\Cloudflare WARP\;C:\Program Files\Docker\Docker\resources\bin;C:\Program Files\nodejs\;C:\Users\admin\AppData\Local\Microsoft\WindowsApps;;%CLion%;C:\Program Files\Azure Data Studio\bin;C:\Users\admin\AppData\Local\Programs\Microsoft VS Code\bin;C:\Users\admin\.dotnet\tools;C:\Users\admin\AppData\Roaming\npm
USERNAME=admin
OS=Windows_NT
PROCESSOR_IDENTIFIER=Intel64 Family 6 Model 141 Stepping 1, GenuineIntel



---------------  S Y S T E M  ---------------

OS:
 Windows 11 , 64 bit Build 22621 (10.0.22621.5124)
OS uptime: 1 days 9:34 hours
Hyper-V role detected

CPU: total 16 (initial active 16) (8 cores per cpu, 2 threads per core) family 6 model 141 stepping 1 microcode 0x3c, cx8, cmov, fxsr, ht, mmx, 3dnowpref, sse, sse2, sse3, ssse3, sse4.1, sse4.2, popcnt, lzcnt, tsc, tscinvbit, avx, avx2, aes, erms, clmul, bmi1, bmi2, adx, avx512f, avx512dq, avx512cd, avx512bw, avx512vl, sha, fma, vzeroupper, avx512_vpopcntdq, avx512_vpclmulqdq, avx512_vaes, avx512_vnni, clflush, clflushopt, clwb, avx512_vbmi2, avx512_vbmi, hv

Memory: 4k page, system-wide physical 16163M (1226M free)
TotalPageFile size 29942M (AvailPageFile size 33M)
current process WorkingSet (physical memory assigned to process): 326M, peak: 326M
current process commit charge ("private bytes"): 505M, peak: 539M

vm_info: Java HotSpot(TM) 64-Bit Server VM (17.0.11+7-LTS-207) for windows-amd64 JRE (17.0.11+7-LTS-207), built on Mar 11 2024 19:01:50 by "mach5one" with MS VC++ 17.6 (VS2022)

END.
